stdout: line written to stdout
stderr: line written to stderr
