345
6.0
18446744073709551616
302
6.283
3.141592653589793
5.0
True
True
