stderr:     print('space in the beginning of line')
stderr: IndentationError: unexpected indent
rc: 1