the, quick, red, fox, jumps, over, the, slow, red, turtle, 
fox, jumps, over, quick, red, red, slow, the, the, turtle, 
fox, jumps, over, quick, red, slow, the, turtle, the, red, 
fox, jumps, over, quick, red, slow, the, turtle, 
fox, red, the, over, slow, jumps, quick, turtle, 
