10 11 12 13 
14 15 16 17 
18 19 20 0 

14 15 16 17 

100 101 102 103 104 105 106 107 108 109 110 111 
100 101 102 103 
104 105 106 107 
108 109 110 111 

100 101 102 103 
104 105 106 107 
108 109 110 111 

110 111 112 113 
114 115 116 117 
118 119 120 121 
