0,1,1,2,3,5,8,13,21,55,89,
1,1,3,5,13,21,55,89,
0,2,8,
1,1,3,5,13,21,55,89,
