x,y = 1,2
x,y = 2,1
x,y = 1,2
*px,*py = 1,2
*px,*py = 2,1
*px,*py = 1,2
