T::T()
T::T(const T&)
T::T(const T&)
T::~T()
T::~T()
T::~T()
