grade1()

grade1()
grade2()

grade1()
grade2()

a,x,y=323
a,x,y=212
