const string &
def
f(const string, const string)
def
string &
const string &
def
