123123231232233123
1 AAAA 1 AAAA  AAAA 1 AAAA 2 AAAA 31 AAAA 
