s1: Hello World!!!
s2: Hi
s4: World
s5: World
s6: World!!!
s7: World!!!
basic_string::basic_string: __pos (which is 16) > this->size() (which is 14)
