aABCDEFdef
aFcdef
aABCDEFcdef
aABcdef
aXXXcdef
aZYcdef
ABCef
