B::f
B::g
D::f
B::g
DD::f
B::g
B::f
B::g
D::f
D::g
DD::f
DD::g
